Component: ARM Compiler 5.06 update 6 (build 750) Tool: armlink [4d35ed]

==============================================================================

Section Cross References

    ad7091.o(i.AD7091_Config) refers to ad7091.o(i.SpiDelay) for SpiDelay
    ad7091.o(i.AD7091_Config) refers to ad7091.o(i.AD7091_WriteReg) for AD7091_WriteReg
    ad7091.o(i.AD7091_ReadReg) refers to ad7091.o(i.SPI_SendData) for SPI_SendData
    ad7091.o(i.AD7091_ReadReg) refers to ad7091.o(i.SpiDelay) for SpiDelay
    ad7091.o(i.AD7091_Test) refers to ad7091.o(i.AD7091_ReadReg) for AD7091_ReadReg
    ad7091.o(i.AD7091_WriteReg) refers to ad7091.o(i.SPI_SendData) for SPI_SendData
    ad7091.o(i.GetValue) refers to main.o(.bss) for regValues
    main.o(i.Encoder_config) refers to gpio_init.o(i.gpio_init) for gpio_init
    main.o(i.SysTick_Handler) refers to main.o(.data) for tickCount
    main.o(i.main) refers to main.o(i.Start_VTinit) for Start_VTinit
    main.o(i.main) refers to setup.o(i.SysClockConfig) for SysClockConfig
    main.o(i.main) refers to system_stm32f0xx.o(i.SystemCoreClockUpdate) for SystemCoreClockUpdate
    main.o(i.main) refers to uidiv.o(.text) for __aeabi_uidivmod
    main.o(i.main) refers to main.o(i.__NVIC_SetPriority) for __NVIC_SetPriority
    main.o(i.main) refers to usart.o(i.USART_Config) for USART_Config
    main.o(i.main) refers to printf6.o(i.__0sprintf$6) for __2sprintf
    main.o(i.main) refers to usart.o(i.USART_Puts) for USART_Puts
    main.o(i.main) refers to main.o(i.Encoder_config) for Encoder_config
    main.o(i.main) refers to main.o(i.Watch_dog_reload) for Watch_dog_reload
    main.o(i.main) refers to usart.o(i.do_modbus) for do_modbus
    main.o(i.main) refers to ad7091.o(i.AD7091_Config) for AD7091_Config
    main.o(i.main) refers to ad7091.o(i.AD7091_ReadReg) for AD7091_ReadReg
    main.o(i.main) refers to ad7091.o(i.SPI_SendData) for SPI_SendData
    main.o(i.main) refers to usart.o(i.USART_Putchar) for USART_Putchar
    main.o(i.main) refers to system_stm32f0xx.o(.data) for SystemCoreClock
    main.o(i.main) refers to main.o(.bss) for str
    main.o(i.main) refers to main.o(.data) for flags
    usart.o(i.USART2_IRQHandler) refers to usart.o(.data) for tmo
    usart.o(i.USART_Config) refers to system_stm32f0xx.o(i.SystemCoreClockUpdate) for SystemCoreClockUpdate
    usart.o(i.USART_Config) refers to uidiv.o(.text) for __aeabi_uidivmod
    usart.o(i.USART_Config) refers to system_stm32f0xx.o(.data) for SystemCoreClock
    usart.o(i.USART_Config) refers to usart.o(.bss) for buf
    usart.o(i.do_modbus) refers to strcmp.o(.text) for strcmp
    usart.o(i.do_modbus) refers to printf6.o(i.__0sprintf$6) for __2sprintf
    usart.o(i.do_modbus) refers to usart.o(i.USART_Puts) for USART_Puts
    usart.o(i.do_modbus) refers to usart.o(.data) for state
    usart.o(i.do_modbus) refers to usart.o(.bss) for buf
    usart.o(i.do_modbus) refers to main.o(.bss) for str
    main_thread.o(i.Main_thread) refers to strcmp.o(.text) for strcmp
    main_thread.o(i.Main_thread) refers to main_thread.o(.data) for MT_mode
    main_thread.o(i.Main_thread) refers to usart.o(.bss) for buf
    main_thread.o(i.up_mt) refers to main_thread.o(.data) for MT_mode
    startup_stm32f030x8.o(RESET) refers to startup_stm32f030x8.o(STACK) for __initial_sp
    startup_stm32f030x8.o(RESET) refers to startup_stm32f030x8.o(.text) for Reset_Handler
    startup_stm32f030x8.o(RESET) refers to main.o(i.SysTick_Handler) for SysTick_Handler
    startup_stm32f030x8.o(RESET) refers to usart.o(i.USART2_IRQHandler) for USART2_IRQHandler
    startup_stm32f030x8.o(.text) refers to system_stm32f0xx.o(i.SystemInit) for SystemInit
    startup_stm32f030x8.o(.text) refers to entry.o(.ARM.Collect$$$$00000000) for __main
    system_stm32f0xx.o(i.SystemCoreClockUpdate) refers to uidiv.o(.text) for __aeabi_uidivmod
    system_stm32f0xx.o(i.SystemCoreClockUpdate) refers to system_stm32f0xx.o(.data) for SystemCoreClock
    system_stm32f0xx.o(i.SystemCoreClockUpdate) refers to system_stm32f0xx.o(.constdata) for AHBPrescTable
    entry.o(.ARM.Collect$$$$00000000) refers (Special) to entry10a.o(.ARM.Collect$$$$0000000D) for __rt_final_cpp
    entry.o(.ARM.Collect$$$$00000000) refers (Special) to entry11a.o(.ARM.Collect$$$$0000000F) for __rt_final_exit
    entry.o(.ARM.Collect$$$$00000000) refers (Special) to entry7b.o(.ARM.Collect$$$$00000008) for _main_clock
    entry.o(.ARM.Collect$$$$00000000) refers (Special) to entry8b.o(.ARM.Collect$$$$0000000A) for _main_cpp_init
    entry.o(.ARM.Collect$$$$00000000) refers (Special) to entry9a.o(.ARM.Collect$$$$0000000B) for _main_init
    entry.o(.ARM.Collect$$$$00000000) refers (Special) to entry5.o(.ARM.Collect$$$$00000004) for _main_scatterload
    entry.o(.ARM.Collect$$$$00000000) refers (Special) to entry2.o(.ARM.Collect$$$$00000001) for _main_stk
    printfb.o(i.__0fprintf$bare) refers to printfb.o(i._printf_core) for _printf_core
    printfb.o(i.__0fprintf$bare) refers to fputc.o(i.fputc) for fputc
    printfb.o(i.__0printf$bare) refers to printfb.o(i._printf_core) for _printf_core
    printfb.o(i.__0printf$bare) refers to fputc.o(i.fputc) for fputc
    printfb.o(i.__0printf$bare) refers to stdout.o(.data) for __stdout
    printfb.o(i.__0snprintf$bare) refers to printfb.o(i._printf_core) for _printf_core
    printfb.o(i.__0snprintf$bare) refers to printfb.o(i._snputc) for _snputc
    printfb.o(i.__0sprintf$bare) refers to printfb.o(i._printf_core) for _printf_core
    printfb.o(i.__0sprintf$bare) refers to printfb.o(i._sputc) for _sputc
    printfb.o(i.__0vfprintf$bare) refers to printfb.o(i._printf_core) for _printf_core
    printfb.o(i.__0vfprintf$bare) refers to fputc.o(i.fputc) for fputc
    printfb.o(i.__0vprintf$bare) refers to printfb.o(i._printf_core) for _printf_core
    printfb.o(i.__0vprintf$bare) refers to fputc.o(i.fputc) for fputc
    printfb.o(i.__0vprintf$bare) refers to stdout.o(.data) for __stdout
    printfb.o(i.__0vsnprintf$bare) refers to printfb.o(i._printf_core) for _printf_core
    printfb.o(i.__0vsnprintf$bare) refers to printfb.o(i._snputc) for _snputc
    printfb.o(i.__0vsprintf$bare) refers to printfb.o(i._printf_core) for _printf_core
    printfb.o(i.__0vsprintf$bare) refers to printfb.o(i._sputc) for _sputc
    printf0.o(i.__0fprintf$0) refers to printf0.o(i._printf_core) for _printf_core
    printf0.o(i.__0fprintf$0) refers to fputc.o(i.fputc) for fputc
    printf0.o(i.__0printf$0) refers to printf0.o(i._printf_core) for _printf_core
    printf0.o(i.__0printf$0) refers to fputc.o(i.fputc) for fputc
    printf0.o(i.__0printf$0) refers to stdout.o(.data) for __stdout
    printf0.o(i.__0snprintf$0) refers to printf0.o(i._printf_core) for _printf_core
    printf0.o(i.__0snprintf$0) refers to printf0.o(i._snputc) for _snputc
    printf0.o(i.__0sprintf$0) refers to printf0.o(i._printf_core) for _printf_core
    printf0.o(i.__0sprintf$0) refers to printf0.o(i._sputc) for _sputc
    printf0.o(i.__0vfprintf$0) refers to printf0.o(i._printf_core) for _printf_core
    printf0.o(i.__0vfprintf$0) refers to fputc.o(i.fputc) for fputc
    printf0.o(i.__0vprintf$0) refers to printf0.o(i._printf_core) for _printf_core
    printf0.o(i.__0vprintf$0) refers to fputc.o(i.fputc) for fputc
    printf0.o(i.__0vprintf$0) refers to stdout.o(.data) for __stdout
    printf0.o(i.__0vsnprintf$0) refers to printf0.o(i._printf_core) for _printf_core
    printf0.o(i.__0vsnprintf$0) refers to printf0.o(i._snputc) for _snputc
    printf0.o(i.__0vsprintf$0) refers to printf0.o(i._printf_core) for _printf_core
    printf0.o(i.__0vsprintf$0) refers to printf0.o(i._sputc) for _sputc
    printf1.o(i.__0fprintf$1) refers to printf1.o(i._printf_core) for _printf_core
    printf1.o(i.__0fprintf$1) refers to fputc.o(i.fputc) for fputc
    printf1.o(i.__0printf$1) refers to printf1.o(i._printf_core) for _printf_core
    printf1.o(i.__0printf$1) refers to fputc.o(i.fputc) for fputc
    printf1.o(i.__0printf$1) refers to stdout.o(.data) for __stdout
    printf1.o(i.__0snprintf$1) refers to printf1.o(i._printf_core) for _printf_core
    printf1.o(i.__0snprintf$1) refers to printf1.o(i._snputc) for _snputc
    printf1.o(i.__0sprintf$1) refers to printf1.o(i._printf_core) for _printf_core
    printf1.o(i.__0sprintf$1) refers to printf1.o(i._sputc) for _sputc
    printf1.o(i.__0vfprintf$1) refers to printf1.o(i._printf_core) for _printf_core
    printf1.o(i.__0vfprintf$1) refers to fputc.o(i.fputc) for fputc
    printf1.o(i.__0vprintf$1) refers to printf1.o(i._printf_core) for _printf_core
    printf1.o(i.__0vprintf$1) refers to fputc.o(i.fputc) for fputc
    printf1.o(i.__0vprintf$1) refers to stdout.o(.data) for __stdout
    printf1.o(i.__0vsnprintf$1) refers to printf1.o(i._printf_core) for _printf_core
    printf1.o(i.__0vsnprintf$1) refers to printf1.o(i._snputc) for _snputc
    printf1.o(i.__0vsprintf$1) refers to printf1.o(i._printf_core) for _printf_core
    printf1.o(i.__0vsprintf$1) refers to printf1.o(i._sputc) for _sputc
    printf1.o(i._printf_core) refers to uidiv.o(.text) for __aeabi_uidivmod
    printf2.o(i.__0fprintf$2) refers to printf2.o(i._printf_core) for _printf_core
    printf2.o(i.__0fprintf$2) refers to fputc.o(i.fputc) for fputc
    printf2.o(i.__0printf$2) refers to printf2.o(i._printf_core) for _printf_core
    printf2.o(i.__0printf$2) refers to fputc.o(i.fputc) for fputc
    printf2.o(i.__0printf$2) refers to stdout.o(.data) for __stdout
    printf2.o(i.__0snprintf$2) refers to printf2.o(i._printf_core) for _printf_core
    printf2.o(i.__0snprintf$2) refers to printf2.o(i._snputc) for _snputc
    printf2.o(i.__0sprintf$2) refers to printf2.o(i._printf_core) for _printf_core
    printf2.o(i.__0sprintf$2) refers to printf2.o(i._sputc) for _sputc
    printf2.o(i.__0vfprintf$2) refers to printf2.o(i._printf_core) for _printf_core
    printf2.o(i.__0vfprintf$2) refers to fputc.o(i.fputc) for fputc
    printf2.o(i.__0vprintf$2) refers to printf2.o(i._printf_core) for _printf_core
    printf2.o(i.__0vprintf$2) refers to fputc.o(i.fputc) for fputc
    printf2.o(i.__0vprintf$2) refers to stdout.o(.data) for __stdout
    printf2.o(i.__0vsnprintf$2) refers to printf2.o(i._printf_core) for _printf_core
    printf2.o(i.__0vsnprintf$2) refers to printf2.o(i._snputc) for _snputc
    printf2.o(i.__0vsprintf$2) refers to printf2.o(i._printf_core) for _printf_core
    printf2.o(i.__0vsprintf$2) refers to printf2.o(i._sputc) for _sputc
    printf3.o(i.__0fprintf$3) refers to printf3.o(i._printf_core) for _printf_core
    printf3.o(i.__0fprintf$3) refers to fputc.o(i.fputc) for fputc
    printf3.o(i.__0printf$3) refers to printf3.o(i._printf_core) for _printf_core
    printf3.o(i.__0printf$3) refers to fputc.o(i.fputc) for fputc
    printf3.o(i.__0printf$3) refers to stdout.o(.data) for __stdout
    printf3.o(i.__0snprintf$3) refers to printf3.o(i._printf_core) for _printf_core
    printf3.o(i.__0snprintf$3) refers to printf3.o(i._snputc) for _snputc
    printf3.o(i.__0sprintf$3) refers to printf3.o(i._printf_core) for _printf_core
    printf3.o(i.__0sprintf$3) refers to printf3.o(i._sputc) for _sputc
    printf3.o(i.__0vfprintf$3) refers to printf3.o(i._printf_core) for _printf_core
    printf3.o(i.__0vfprintf$3) refers to fputc.o(i.fputc) for fputc
    printf3.o(i.__0vprintf$3) refers to printf3.o(i._printf_core) for _printf_core
    printf3.o(i.__0vprintf$3) refers to fputc.o(i.fputc) for fputc
    printf3.o(i.__0vprintf$3) refers to stdout.o(.data) for __stdout
    printf3.o(i.__0vsnprintf$3) refers to printf3.o(i._printf_core) for _printf_core
    printf3.o(i.__0vsnprintf$3) refers to printf3.o(i._snputc) for _snputc
    printf3.o(i.__0vsprintf$3) refers to printf3.o(i._printf_core) for _printf_core
    printf3.o(i.__0vsprintf$3) refers to printf3.o(i._sputc) for _sputc
    printf3.o(i._printf_core) refers to uidiv.o(.text) for __aeabi_uidivmod
    printf4.o(i.__0fprintf$4) refers to printf4.o(i._printf_core) for _printf_core
    printf4.o(i.__0fprintf$4) refers to fputc.o(i.fputc) for fputc
    printf4.o(i.__0printf$4) refers to printf4.o(i._printf_core) for _printf_core
    printf4.o(i.__0printf$4) refers to fputc.o(i.fputc) for fputc
    printf4.o(i.__0printf$4) refers to stdout.o(.data) for __stdout
    printf4.o(i.__0snprintf$4) refers to printf4.o(i._printf_core) for _printf_core
    printf4.o(i.__0snprintf$4) refers to printf4.o(i._snputc) for _snputc
    printf4.o(i.__0sprintf$4) refers to printf4.o(i._printf_core) for _printf_core
    printf4.o(i.__0sprintf$4) refers to printf4.o(i._sputc) for _sputc
    printf4.o(i.__0vfprintf$4) refers to printf4.o(i._printf_core) for _printf_core
    printf4.o(i.__0vfprintf$4) refers to fputc.o(i.fputc) for fputc
    printf4.o(i.__0vprintf$4) refers to printf4.o(i._printf_core) for _printf_core
    printf4.o(i.__0vprintf$4) refers to fputc.o(i.fputc) for fputc
    printf4.o(i.__0vprintf$4) refers to stdout.o(.data) for __stdout
    printf4.o(i.__0vsnprintf$4) refers to printf4.o(i._printf_core) for _printf_core
    printf4.o(i.__0vsnprintf$4) refers to printf4.o(i._snputc) for _snputc
    printf4.o(i.__0vsprintf$4) refers to printf4.o(i._printf_core) for _printf_core
    printf4.o(i.__0vsprintf$4) refers to printf4.o(i._sputc) for _sputc
    printf4.o(i._printf_core) refers to uldiv.o(.text) for __aeabi_uldivmod
    printf5.o(i.__0fprintf$5) refers to printf5.o(i._printf_core) for _printf_core
    printf5.o(i.__0fprintf$5) refers to fputc.o(i.fputc) for fputc
    printf5.o(i.__0printf$5) refers to printf5.o(i._printf_core) for _printf_core
    printf5.o(i.__0printf$5) refers to fputc.o(i.fputc) for fputc
    printf5.o(i.__0printf$5) refers to stdout.o(.data) for __stdout
    printf5.o(i.__0snprintf$5) refers to printf5.o(i._printf_core) for _printf_core
    printf5.o(i.__0snprintf$5) refers to printf5.o(i._snputc) for _snputc
    printf5.o(i.__0sprintf$5) refers to printf5.o(i._printf_core) for _printf_core
    printf5.o(i.__0sprintf$5) refers to printf5.o(i._sputc) for _sputc
    printf5.o(i.__0vfprintf$5) refers to printf5.o(i._printf_core) for _printf_core
    printf5.o(i.__0vfprintf$5) refers to fputc.o(i.fputc) for fputc
    printf5.o(i.__0vprintf$5) refers to printf5.o(i._printf_core) for _printf_core
    printf5.o(i.__0vprintf$5) refers to fputc.o(i.fputc) for fputc
    printf5.o(i.__0vprintf$5) refers to stdout.o(.data) for __stdout
    printf5.o(i.__0vsnprintf$5) refers to printf5.o(i._printf_core) for _printf_core
    printf5.o(i.__0vsnprintf$5) refers to printf5.o(i._snputc) for _snputc
    printf5.o(i.__0vsprintf$5) refers to printf5.o(i._printf_core) for _printf_core
    printf5.o(i.__0vsprintf$5) refers to printf5.o(i._sputc) for _sputc
    printf5.o(i._printf_core) refers to uldiv.o(.text) for __aeabi_uldivmod
    printf6.o(i.__0fprintf$6) refers to printf6.o(i._printf_core) for _printf_core
    printf6.o(i.__0fprintf$6) refers to fputc.o(i.fputc) for fputc
    printf6.o(i.__0printf$6) refers to printf6.o(i._printf_core) for _printf_core
    printf6.o(i.__0printf$6) refers to fputc.o(i.fputc) for fputc
    printf6.o(i.__0printf$6) refers to stdout.o(.data) for __stdout
    printf6.o(i.__0snprintf$6) refers to printf6.o(i._printf_core) for _printf_core
    printf6.o(i.__0snprintf$6) refers to printf6.o(i._snputc) for _snputc
    printf6.o(i.__0sprintf$6) refers to printf6.o(i._printf_core) for _printf_core
    printf6.o(i.__0sprintf$6) refers to printf6.o(i._sputc) for _sputc
    printf6.o(i.__0vfprintf$6) refers to printf6.o(i._printf_core) for _printf_core
    printf6.o(i.__0vfprintf$6) refers to fputc.o(i.fputc) for fputc
    printf6.o(i.__0vprintf$6) refers to printf6.o(i._printf_core) for _printf_core
    printf6.o(i.__0vprintf$6) refers to fputc.o(i.fputc) for fputc
    printf6.o(i.__0vprintf$6) refers to stdout.o(.data) for __stdout
    printf6.o(i.__0vsnprintf$6) refers to printf6.o(i._printf_core) for _printf_core
    printf6.o(i.__0vsnprintf$6) refers to printf6.o(i._snputc) for _snputc
    printf6.o(i.__0vsprintf$6) refers to printf6.o(i._printf_core) for _printf_core
    printf6.o(i.__0vsprintf$6) refers to printf6.o(i._sputc) for _sputc
    printf6.o(i._printf_core) refers to printf6.o(i._printf_pre_padding) for _printf_pre_padding
    printf6.o(i._printf_core) refers to printf6.o(i._printf_post_padding) for _printf_post_padding
    printf6.o(i._printf_core) refers to uidiv.o(.text) for __aeabi_uidivmod
    printf7.o(i.__0fprintf$7) refers to printf7.o(i._printf_core) for _printf_core
    printf7.o(i.__0fprintf$7) refers to fputc.o(i.fputc) for fputc
    printf7.o(i.__0printf$7) refers to printf7.o(i._printf_core) for _printf_core
    printf7.o(i.__0printf$7) refers to fputc.o(i.fputc) for fputc
    printf7.o(i.__0printf$7) refers to stdout.o(.data) for __stdout
    printf7.o(i.__0snprintf$7) refers to printf7.o(i._printf_core) for _printf_core
    printf7.o(i.__0snprintf$7) refers to printf7.o(i._snputc) for _snputc
    printf7.o(i.__0sprintf$7) refers to printf7.o(i._printf_core) for _printf_core
    printf7.o(i.__0sprintf$7) refers to printf7.o(i._sputc) for _sputc
    printf7.o(i.__0vfprintf$7) refers to printf7.o(i._printf_core) for _printf_core
    printf7.o(i.__0vfprintf$7) refers to fputc.o(i.fputc) for fputc
    printf7.o(i.__0vprintf$7) refers to printf7.o(i._printf_core) for _printf_core
    printf7.o(i.__0vprintf$7) refers to fputc.o(i.fputc) for fputc
    printf7.o(i.__0vprintf$7) refers to stdout.o(.data) for __stdout
    printf7.o(i.__0vsnprintf$7) refers to printf7.o(i._printf_core) for _printf_core
    printf7.o(i.__0vsnprintf$7) refers to printf7.o(i._snputc) for _snputc
    printf7.o(i.__0vsprintf$7) refers to printf7.o(i._printf_core) for _printf_core
    printf7.o(i.__0vsprintf$7) refers to printf7.o(i._sputc) for _sputc
    printf7.o(i._printf_core) refers to printf7.o(i._printf_pre_padding) for _printf_pre_padding
    printf7.o(i._printf_core) refers to printf7.o(i._printf_post_padding) for _printf_post_padding
    printf7.o(i._printf_core) refers to uldiv.o(.text) for __aeabi_uldivmod
    printf8.o(i.__0fprintf$8) refers to printf8.o(i._printf_core) for _printf_core
    printf8.o(i.__0fprintf$8) refers to fputc.o(i.fputc) for fputc
    printf8.o(i.__0printf$8) refers to printf8.o(i._printf_core) for _printf_core
    printf8.o(i.__0printf$8) refers to fputc.o(i.fputc) for fputc
    printf8.o(i.__0printf$8) refers to stdout.o(.data) for __stdout
    printf8.o(i.__0snprintf$8) refers to printf8.o(i._printf_core) for _printf_core
    printf8.o(i.__0snprintf$8) refers to printf8.o(i._snputc) for _snputc
    printf8.o(i.__0sprintf$8) refers to printf8.o(i._printf_core) for _printf_core
    printf8.o(i.__0sprintf$8) refers to printf8.o(i._sputc) for _sputc
    printf8.o(i.__0vfprintf$8) refers to printf8.o(i._printf_core) for _printf_core
    printf8.o(i.__0vfprintf$8) refers to fputc.o(i.fputc) for fputc
    printf8.o(i.__0vprintf$8) refers to printf8.o(i._printf_core) for _printf_core
    printf8.o(i.__0vprintf$8) refers to fputc.o(i.fputc) for fputc
    printf8.o(i.__0vprintf$8) refers to stdout.o(.data) for __stdout
    printf8.o(i.__0vsnprintf$8) refers to printf8.o(i._printf_core) for _printf_core
    printf8.o(i.__0vsnprintf$8) refers to printf8.o(i._snputc) for _snputc
    printf8.o(i.__0vsprintf$8) refers to printf8.o(i._printf_core) for _printf_core
    printf8.o(i.__0vsprintf$8) refers to printf8.o(i._sputc) for _sputc
    printf8.o(i._printf_core) refers to printf8.o(i._printf_pre_padding) for _printf_pre_padding
    printf8.o(i._printf_core) refers to printf8.o(i._printf_post_padding) for _printf_post_padding
    printf8.o(i._printf_core) refers to uldiv.o(.text) for __aeabi_uldivmod
    printfa.o(i.__0fprintf) refers (Special) to iusefp.o(.text) for __I$use$fp
    printfa.o(i.__0fprintf) refers to printfa.o(i._printf_core) for _printf_core
    printfa.o(i.__0fprintf) refers to fputc.o(i.fputc) for fputc
    printfa.o(i.__0printf) refers (Special) to iusefp.o(.text) for __I$use$fp
    printfa.o(i.__0printf) refers to printfa.o(i._printf_core) for _printf_core
    printfa.o(i.__0printf) refers to fputc.o(i.fputc) for fputc
    printfa.o(i.__0printf) refers to stdout.o(.data) for __stdout
    printfa.o(i.__0snprintf) refers (Special) to iusefp.o(.text) for __I$use$fp
    printfa.o(i.__0snprintf) refers to printfa.o(i._printf_core) for _printf_core
    printfa.o(i.__0snprintf) refers to printfa.o(i._snputc) for _snputc
    printfa.o(i.__0sprintf) refers (Special) to iusefp.o(.text) for __I$use$fp
    printfa.o(i.__0sprintf) refers to printfa.o(i._printf_core) for _printf_core
    printfa.o(i.__0sprintf) refers to printfa.o(i._sputc) for _sputc
    printfa.o(i.__0vfprintf) refers (Special) to iusefp.o(.text) for __I$use$fp
    printfa.o(i.__0vfprintf) refers to printfa.o(i._printf_core) for _printf_core
    printfa.o(i.__0vfprintf) refers to fputc.o(i.fputc) for fputc
    printfa.o(i.__0vprintf) refers (Special) to iusefp.o(.text) for __I$use$fp
    printfa.o(i.__0vprintf) refers to printfa.o(i._printf_core) for _printf_core
    printfa.o(i.__0vprintf) refers to fputc.o(i.fputc) for fputc
    printfa.o(i.__0vprintf) refers to stdout.o(.data) for __stdout
    printfa.o(i.__0vsnprintf) refers (Special) to iusefp.o(.text) for __I$use$fp
    printfa.o(i.__0vsnprintf) refers to printfa.o(i._printf_core) for _printf_core
    printfa.o(i.__0vsnprintf) refers to printfa.o(i._snputc) for _snputc
    printfa.o(i.__0vsprintf) refers (Special) to iusefp.o(.text) for __I$use$fp
    printfa.o(i.__0vsprintf) refers to printfa.o(i._printf_core) for _printf_core
    printfa.o(i.__0vsprintf) refers to printfa.o(i._sputc) for _sputc
    printfa.o(i._fp_digits) refers (Special) to iusefp.o(.text) for __I$use$fp
    printfa.o(i._fp_digits) refers to dmul.o(.text) for __aeabi_dmul
    printfa.o(i._fp_digits) refers to ddiv.o(.text) for __aeabi_ddiv
    printfa.o(i._fp_digits) refers to cdrcmple.o(.text) for __aeabi_cdrcmple
    printfa.o(i._fp_digits) refers to dadd.o(.text) for __aeabi_dadd
    printfa.o(i._fp_digits) refers to dfixul.o(.text) for __aeabi_d2ulz
    printfa.o(i._fp_digits) refers to uldiv.o(.text) for __aeabi_uldivmod
    printfa.o(i._printf_core) refers (Special) to iusefp.o(.text) for __I$use$fp
    printfa.o(i._printf_core) refers to printfa.o(i._printf_pre_padding) for _printf_pre_padding
    printfa.o(i._printf_core) refers to uldiv.o(.text) for __aeabi_uldivmod
    printfa.o(i._printf_core) refers to printfa.o(i._printf_post_padding) for _printf_post_padding
    printfa.o(i._printf_core) refers to printfa.o(i._fp_digits) for _fp_digits
    printfa.o(i._printf_core) refers to uidiv.o(.text) for __aeabi_uidivmod
    printfa.o(i._printf_post_padding) refers (Special) to iusefp.o(.text) for __I$use$fp
    printfa.o(i._printf_pre_padding) refers (Special) to iusefp.o(.text) for __I$use$fp
    printfa.o(i._snputc) refers (Special) to iusefp.o(.text) for __I$use$fp
    printfa.o(i._sputc) refers (Special) to iusefp.o(.text) for __I$use$fp
    entry2.o(.ARM.Collect$$$$00000001) refers to entry2.o(.ARM.Collect$$$$00002712) for __lit__00000000
    entry2.o(.ARM.Collect$$$$00002712) refers to startup_stm32f030x8.o(STACK) for __initial_sp
    entry2.o(__vectab_stack_and_reset_area) refers to startup_stm32f030x8.o(STACK) for __initial_sp
    entry2.o(__vectab_stack_and_reset_area) refers to entry.o(.ARM.Collect$$$$00000000) for __main
    entry5.o(.ARM.Collect$$$$00000004) refers to init.o(.text) for __scatterload
    entry9a.o(.ARM.Collect$$$$0000000B) refers to main.o(i.main) for main
    entry9b.o(.ARM.Collect$$$$0000000C) refers to main.o(i.main) for main
    fputc.o(i.fputc) refers (Special) to iusesemip.o(.text) for __I$use$semihosting$fputc
    fputc.o(i.fputc) refers (Special) to semi.o(.text) for __semihosting_library_function
    uldiv.o(.text) refers to llushr.o(.text) for __aeabi_llsr
    uldiv.o(.text) refers to llshl.o(.text) for __aeabi_llsl
    dadd.o(.text) refers to llshl.o(.text) for __aeabi_llsl
    dadd.o(.text) refers to llsshr.o(.text) for __aeabi_lasr
    dadd.o(.text) refers to depilogue.o(.text) for _double_epilogue
    dmul.o(.text) refers to depilogue.o(.text) for _double_epilogue
    ddiv.o(.text) refers to depilogue.o(.text) for _double_round
    dfixul.o(.text) refers to llushr.o(.text) for __aeabi_llsr
    dfixul.o(.text) refers to llshl.o(.text) for __aeabi_llsl
    init.o(.text) refers to entry5.o(.ARM.Collect$$$$00000004) for __main_after_scatterload
    depilogue.o(.text) refers to depilogue.o(i.__ARM_clz) for __ARM_clz
    depilogue.o(.text) refers to llshl.o(.text) for __aeabi_llsl
    depilogue.o(.text) refers to llushr.o(.text) for __aeabi_llsr


==============================================================================

Removing Unused input sections from the image.

    Removing ad7091.o(.rev16_text), (4 bytes).
    Removing ad7091.o(.revsh_text), (4 bytes).
    Removing ad7091.o(i.AD7091_Convst), (12 bytes).
    Removing ad7091.o(i.AD7091_ReadConv), (2 bytes).
    Removing ad7091.o(i.AD7091_ReadValues), (2 bytes).
    Removing ad7091.o(i.AD7091_Test), (44 bytes).
    Removing ad7091.o(i.GetValue), (16 bytes).
    Removing main.o(.rev16_text), (4 bytes).
    Removing main.o(.revsh_text), (4 bytes).
    Removing main.o(i.CRC_init), (20 bytes).
    Removing main.o(i.Watch_dog_init), (44 bytes).
    Removing main.o(i.crc_calc), (32 bytes).
    Removing setup.o(.rev16_text), (4 bytes).
    Removing setup.o(.revsh_text), (4 bytes).
    Removing usart.o(.rev16_text), (4 bytes).
    Removing usart.o(.revsh_text), (4 bytes).
    Removing usart.o(i.USART_PutDat), (72 bytes).
    Removing gpio_init.o(.rev16_text), (4 bytes).
    Removing gpio_init.o(.revsh_text), (4 bytes).
    Removing gpio_init.o(i.gpio_get_state), (24 bytes).
    Removing gpio_init.o(i.gpio_switch), (28 bytes).
    Removing main_thread.o(.rev16_text), (4 bytes).
    Removing main_thread.o(.revsh_text), (4 bytes).
    Removing main_thread.o(i.Main_thread), (120 bytes).
    Removing main_thread.o(i.up_mt), (12 bytes).
    Removing main_thread.o(.data), (3 bytes).
    Removing startup_stm32f030x8.o(HEAP), (512 bytes).
    Removing system_stm32f0xx.o(.rev16_text), (4 bytes).
    Removing system_stm32f0xx.o(.revsh_text), (4 bytes).
    Removing dadd.o(.text), (356 bytes).
    Removing dmul.o(.text), (208 bytes).
    Removing ddiv.o(.text), (240 bytes).
    Removing dfixul.o(.text), (64 bytes).
    Removing cdrcmple.o(.text), (40 bytes).
    Removing depilogue.o(.text), (190 bytes).
    Removing depilogue.o(i.__ARM_clz), (46 bytes).

36 unused section(s) (total 2143 bytes) removed from the image.

==============================================================================

Image Symbol Table

    Local Symbols

    Symbol Name                              Value     Ov Type        Size  Object(Section)

    ../clib/microlib/division.c              0x00000000   Number         0  uldiv.o ABSOLUTE
    ../clib/microlib/division.c              0x00000000   Number         0  uidiv.o ABSOLUTE
    ../clib/microlib/init/entry.s            0x00000000   Number         0  entry8a.o ABSOLUTE
    ../clib/microlib/init/entry.s            0x00000000   Number         0  entry5.o ABSOLUTE
    ../clib/microlib/init/entry.s            0x00000000   Number         0  entry7b.o ABSOLUTE
    ../clib/microlib/init/entry.s            0x00000000   Number         0  entry11a.o ABSOLUTE
    ../clib/microlib/init/entry.s            0x00000000   Number         0  entry10b.o ABSOLUTE
    ../clib/microlib/init/entry.s            0x00000000   Number         0  entry11b.o ABSOLUTE
    ../clib/microlib/init/entry.s            0x00000000   Number         0  entry10a.o ABSOLUTE
    ../clib/microlib/init/entry.s            0x00000000   Number         0  entry9b.o ABSOLUTE
    ../clib/microlib/init/entry.s            0x00000000   Number         0  entry7a.o ABSOLUTE
    ../clib/microlib/init/entry.s            0x00000000   Number         0  entry.o ABSOLUTE
    ../clib/microlib/init/entry.s            0x00000000   Number         0  entry9a.o ABSOLUTE
    ../clib/microlib/init/entry.s            0x00000000   Number         0  entry2.o ABSOLUTE
    ../clib/microlib/init/entry.s            0x00000000   Number         0  entry8b.o ABSOLUTE
    ../clib/microlib/longlong.c              0x00000000   Number         0  llshl.o ABSOLUTE
    ../clib/microlib/longlong.c              0x00000000   Number         0  llushr.o ABSOLUTE
    ../clib/microlib/longlong.c              0x00000000   Number         0  llsshr.o ABSOLUTE
    ../clib/microlib/printf/printf.c         0x00000000   Number         0  printf2.o ABSOLUTE
    ../clib/microlib/printf/printf.c         0x00000000   Number         0  printf5.o ABSOLUTE
    ../clib/microlib/printf/printf.c         0x00000000   Number         0  printf6.o ABSOLUTE
    ../clib/microlib/printf/printf.c         0x00000000   Number         0  printfa.o ABSOLUTE
    ../clib/microlib/printf/printf.c         0x00000000   Number         0  printf3.o ABSOLUTE
    ../clib/microlib/printf/printf.c         0x00000000   Number         0  printf8.o ABSOLUTE
    ../clib/microlib/printf/printf.c         0x00000000   Number         0  printf7.o ABSOLUTE
    ../clib/microlib/printf/printf.c         0x00000000   Number         0  printf4.o ABSOLUTE
    ../clib/microlib/printf/printf.c         0x00000000   Number         0  printfb.o ABSOLUTE
    ../clib/microlib/printf/printf.c         0x00000000   Number         0  printf0.o ABSOLUTE
    ../clib/microlib/printf/printf.c         0x00000000   Number         0  printf1.o ABSOLUTE
    ../clib/microlib/printf/stubs.s          0x00000000   Number         0  stubs.o ABSOLUTE
    ../clib/microlib/stdio/fputc.c           0x00000000   Number         0  fputc.o ABSOLUTE
    ../clib/microlib/stdio/semi.s            0x00000000   Number         0  semi.o ABSOLUTE
    ../clib/microlib/stdio/streams.c         0x00000000   Number         0  stdout.o ABSOLUTE
    ../clib/microlib/string/strcmp.c         0x00000000   Number         0  strcmp.o ABSOLUTE
    ../clib/microlib/stubs.s                 0x00000000   Number         0  iusefp.o ABSOLUTE
    ../clib/microlib/stubs.s                 0x00000000   Number         0  iusesemip.o ABSOLUTE
    ../fplib/microlib/fpadd.c                0x00000000   Number         0  dadd.o ABSOLUTE
    ../fplib/microlib/fpdiv.c                0x00000000   Number         0  ddiv.o ABSOLUTE
    ../fplib/microlib/fpepilogue.c           0x00000000   Number         0  depilogue.o ABSOLUTE
    ../fplib/microlib/fpfix.c                0x00000000   Number         0  dfixul.o ABSOLUTE
    ../fplib/microlib/fpmul.c                0x00000000   Number         0  dmul.o ABSOLUTE
    RTE\Device\STM32F030C8Tx\startup_stm32f030x8.s 0x00000000   Number         0  startup_stm32f030x8.o ABSOLUTE
    RTE\Device\STM32F030C8Tx\system_stm32f0xx.c 0x00000000   Number         0  system_stm32f0xx.o ABSOLUTE
    RTE\\Device\\STM32F030C8Tx\\system_stm32f0xx.c 0x00000000   Number         0  system_stm32f0xx.o ABSOLUTE
    cdrcmple.s                               0x00000000   Number         0  cdrcmple.o ABSOLUTE
    dc.s                                     0x00000000   Number         0  dc.o ABSOLUTE
    handlers.s                               0x00000000   Number         0  handlers.o ABSOLUTE
    init.s                                   0x00000000   Number         0  init.o ABSOLUTE
    src\Main_thread.c                        0x00000000   Number         0  main_thread.o ABSOLUTE
    src\\Main_thread.c                       0x00000000   Number         0  main_thread.o ABSOLUTE
    src\\ad7091.c                            0x00000000   Number         0  ad7091.o ABSOLUTE
    src\\gpio_init.c                         0x00000000   Number         0  gpio_init.o ABSOLUTE
    src\\main.c                              0x00000000   Number         0  main.o ABSOLUTE
    src\\setup.c                             0x00000000   Number         0  setup.o ABSOLUTE
    src\\usart.c                             0x00000000   Number         0  usart.o ABSOLUTE
    src\ad7091.c                             0x00000000   Number         0  ad7091.o ABSOLUTE
    src\gpio_init.c                          0x00000000   Number         0  gpio_init.o ABSOLUTE
    src\main.c                               0x00000000   Number         0  main.o ABSOLUTE
    src\setup.c                              0x00000000   Number         0  setup.o ABSOLUTE
    src\usart.c                              0x00000000   Number         0  usart.o ABSOLUTE
    RESET                                    0x08002000   Section      180  startup_stm32f030x8.o(RESET)
    .ARM.Collect$$$$00000000                 0x080020b4   Section        0  entry.o(.ARM.Collect$$$$00000000)
    .ARM.Collect$$$$00000001                 0x080020b4   Section        4  entry2.o(.ARM.Collect$$$$00000001)
    .ARM.Collect$$$$00000004                 0x080020b8   Section        4  entry5.o(.ARM.Collect$$$$00000004)
    .ARM.Collect$$$$00000008                 0x080020bc   Section        0  entry7b.o(.ARM.Collect$$$$00000008)
    .ARM.Collect$$$$0000000A                 0x080020bc   Section        0  entry8b.o(.ARM.Collect$$$$0000000A)
    .ARM.Collect$$$$0000000B                 0x080020bc   Section        8  entry9a.o(.ARM.Collect$$$$0000000B)
    .ARM.Collect$$$$0000000D                 0x080020c4   Section        0  entry10a.o(.ARM.Collect$$$$0000000D)
    .ARM.Collect$$$$0000000F                 0x080020c4   Section        0  entry11a.o(.ARM.Collect$$$$0000000F)
    .ARM.Collect$$$$00002712                 0x080020c4   Section        4  entry2.o(.ARM.Collect$$$$00002712)
    __lit__00000000                          0x080020c4   Data           4  entry2.o(.ARM.Collect$$$$00002712)
    .text                                    0x080020c8   Section       28  startup_stm32f030x8.o(.text)
    .text                                    0x080020e4   Section        0  uidiv.o(.text)
    .text                                    0x08002110   Section        0  strcmp.o(.text)
    .text                                    0x0800212c   Section       36  init.o(.text)
    i.AD7091_Config                          0x08002150   Section        0  ad7091.o(i.AD7091_Config)
    i.AD7091_ReadReg                         0x08002218   Section        0  ad7091.o(i.AD7091_ReadReg)
    i.AD7091_WriteReg                        0x0800228e   Section        0  ad7091.o(i.AD7091_WriteReg)
    i.Encoder_config                         0x080022d0   Section        0  main.o(i.Encoder_config)
    i.SPI_SendData                           0x08002340   Section        0  ad7091.o(i.SPI_SendData)
    i.SpiDelay                               0x08002370   Section        0  ad7091.o(i.SpiDelay)
    i.Start_VTinit                           0x08002384   Section        0  main.o(i.Start_VTinit)
    i.SysClockConfig                         0x080023c8   Section        0  setup.o(i.SysClockConfig)
    i.SysTick_Handler                        0x08002484   Section        0  main.o(i.SysTick_Handler)
    i.SystemCoreClockUpdate                  0x080024b4   Section        0  system_stm32f0xx.o(i.SystemCoreClockUpdate)
    i.SystemInit                             0x08002564   Section        0  system_stm32f0xx.o(i.SystemInit)
    i.USART2_IRQHandler                      0x080025d8   Section        0  usart.o(i.USART2_IRQHandler)
    i.USART_Config                           0x08002630   Section        0  usart.o(i.USART_Config)
    i.USART_Putchar                          0x080026fc   Section        0  usart.o(i.USART_Putchar)
    i.USART_Puts                             0x08002718   Section        0  usart.o(i.USART_Puts)
    i.Watch_dog_reload                       0x08002770   Section        0  main.o(i.Watch_dog_reload)
    i.__0sprintf$6                           0x08002780   Section        0  printf6.o(i.__0sprintf$6)
    i.__NVIC_SetPriority                     0x080027a8   Section        0  main.o(i.__NVIC_SetPriority)
    __NVIC_SetPriority                       0x080027a9   Thumb Code   110  main.o(i.__NVIC_SetPriority)
    i.__scatterload_copy                     0x08002820   Section       14  handlers.o(i.__scatterload_copy)
    i.__scatterload_null                     0x0800282e   Section        2  handlers.o(i.__scatterload_null)
    i.__scatterload_zeroinit                 0x08002830   Section       14  handlers.o(i.__scatterload_zeroinit)
    i._printf_core                           0x08002840   Section        0  printf6.o(i._printf_core)
    _printf_core                             0x08002841   Thumb Code   768  printf6.o(i._printf_core)
    i._printf_post_padding                   0x08002b44   Section        0  printf6.o(i._printf_post_padding)
    _printf_post_padding                     0x08002b45   Thumb Code    32  printf6.o(i._printf_post_padding)
    i._printf_pre_padding                    0x08002b64   Section        0  printf6.o(i._printf_pre_padding)
    _printf_pre_padding                      0x08002b65   Thumb Code    44  printf6.o(i._printf_pre_padding)
    i._sputc                                 0x08002b90   Section        0  printf6.o(i._sputc)
    _sputc                                   0x08002b91   Thumb Code    10  printf6.o(i._sputc)
    i.do_modbus                              0x08002b9c   Section        0  usart.o(i.do_modbus)
    i.gpio_init                              0x08002cc4   Section        0  gpio_init.o(i.gpio_init)
    i.main                                   0x08002d9c   Section        0  main.o(i.main)
    .constdata                               0x08002f88   Section       24  system_stm32f0xx.o(.constdata)
    .data                                    0x20000120   Section       20  main.o(.data)
    cnt                                      0x2000012c   Data           4  main.o(.data)
    max_cnt                                  0x20000130   Data           4  main.o(.data)
    .data                                    0x20000134   Section        6  usart.o(.data)
    state                                    0x20000136   Data           2  usart.o(.data)
    tmo                                      0x20000138   Data           2  usart.o(.data)
    .data                                    0x2000013c   Section        4  system_stm32f0xx.o(.data)
    .bss                                     0x20000140   Section      336  main.o(.bss)
    regValues                                0x20000230   Data          96  main.o(.bss)
    .bss                                     0x20000290   Section     2048  usart.o(.bss)
    STACK                                    0x20000a90   Section     1024  startup_stm32f030x8.o(STACK)

    Global Symbols

    Symbol Name                              Value     Ov Type        Size  Object(Section)

    BuildAttributes$$THM_ISAv3M$S$PE$A:L22$X:L11$S22$IEEE1$IW$USESV6$~STKCKD$USESV7$~SHL$OSPACE$ROPI$EBA8$MICROLIB$REQ8$PRES8$EABIv2 0x00000000   Number         0  anon$$obj.o ABSOLUTE
    __ARM_use_no_argv                        0x00000000   Number         0  main.o ABSOLUTE
    _printf_a                                0x00000000   Number         0  stubs.o ABSOLUTE
    _printf_c                                0x00000000   Number         0  stubs.o ABSOLUTE
    _printf_charcount                        0x00000000   Number         0  stubs.o ABSOLUTE
    _printf_d                                0x00000000   Number         0  stubs.o ABSOLUTE
    _printf_e                                0x00000000   Number         0  stubs.o ABSOLUTE
    _printf_f                                0x00000000   Number         0  stubs.o ABSOLUTE
    _printf_flags                            0x00000000   Number         0  stubs.o ABSOLUTE
    _printf_fp_dec                           0x00000000   Number         0  stubs.o ABSOLUTE
    _printf_fp_hex                           0x00000000   Number         0  stubs.o ABSOLUTE
    _printf_g                                0x00000000   Number         0  stubs.o ABSOLUTE
    _printf_i                                0x00000000   Number         0  stubs.o ABSOLUTE
    _printf_int_dec                          0x00000000   Number         0  stubs.o ABSOLUTE
    _printf_l                                0x00000000   Number         0  stubs.o ABSOLUTE
    _printf_lc                               0x00000000   Number         0  stubs.o ABSOLUTE
    _printf_ll                               0x00000000   Number         0  stubs.o ABSOLUTE
    _printf_lld                              0x00000000   Number         0  stubs.o ABSOLUTE
    _printf_lli                              0x00000000   Number         0  stubs.o ABSOLUTE
    _printf_llo                              0x00000000   Number         0  stubs.o ABSOLUTE
    _printf_llu                              0x00000000   Number         0  stubs.o ABSOLUTE
    _printf_llx                              0x00000000   Number         0  stubs.o ABSOLUTE
    _printf_longlong_dec                     0x00000000   Number         0  stubs.o ABSOLUTE
    _printf_longlong_hex                     0x00000000   Number         0  stubs.o ABSOLUTE
    _printf_longlong_oct                     0x00000000   Number         0  stubs.o ABSOLUTE
    _printf_ls                               0x00000000   Number         0  stubs.o ABSOLUTE
    _printf_mbtowc                           0x00000000   Number         0  stubs.o ABSOLUTE
    _printf_n                                0x00000000   Number         0  stubs.o ABSOLUTE
    _printf_o                                0x00000000   Number         0  stubs.o ABSOLUTE
    _printf_p                                0x00000000   Number         0  stubs.o ABSOLUTE
    _printf_percent                          0x00000000   Number         0  stubs.o ABSOLUTE
    _printf_pre_padding                      0x00000000   Number         0  stubs.o ABSOLUTE
    _printf_return_value                     0x00000000   Number         0  stubs.o ABSOLUTE
    _printf_s                                0x00000000   Number         0  stubs.o ABSOLUTE
    _printf_sizespec                         0x00000000   Number         0  stubs.o ABSOLUTE
    _printf_str                              0x00000000   Number         0  stubs.o ABSOLUTE
    _printf_truncate_signed                  0x00000000   Number         0  stubs.o ABSOLUTE
    _printf_truncate_unsigned                0x00000000   Number         0  stubs.o ABSOLUTE
    _printf_u                                0x00000000   Number         0  stubs.o ABSOLUTE
    _printf_wc                               0x00000000   Number         0  stubs.o ABSOLUTE
    _printf_wctomb                           0x00000000   Number         0  stubs.o ABSOLUTE
    _printf_widthprec                        0x00000000   Number         0  stubs.o ABSOLUTE
    _printf_x                                0x00000000   Number         0  stubs.o ABSOLUTE
    __cpp_initialize__aeabi_                  - Undefined Weak Reference
    __cxa_finalize                            - Undefined Weak Reference
    __decompress                              - Undefined Weak Reference
    _clock_init                               - Undefined Weak Reference
    _microlib_exit                            - Undefined Weak Reference
    __Vectors_Size                           0x000000b4   Number         0  startup_stm32f030x8.o ABSOLUTE
    __Vectors                                0x08002000   Data           4  startup_stm32f030x8.o(RESET)
    __Vectors_End                            0x080020b4   Data           0  startup_stm32f030x8.o(RESET)
    __main                                   0x080020b5   Thumb Code     0  entry.o(.ARM.Collect$$$$00000000)
    _main_stk                                0x080020b5   Thumb Code     0  entry2.o(.ARM.Collect$$$$00000001)
    _main_scatterload                        0x080020b9   Thumb Code     0  entry5.o(.ARM.Collect$$$$00000004)
    __main_after_scatterload                 0x080020bd   Thumb Code     0  entry5.o(.ARM.Collect$$$$00000004)
    _main_clock                              0x080020bd   Thumb Code     0  entry7b.o(.ARM.Collect$$$$00000008)
    _main_cpp_init                           0x080020bd   Thumb Code     0  entry8b.o(.ARM.Collect$$$$0000000A)
    _main_init                               0x080020bd   Thumb Code     0  entry9a.o(.ARM.Collect$$$$0000000B)
    __rt_final_cpp                           0x080020c5   Thumb Code     0  entry10a.o(.ARM.Collect$$$$0000000D)
    __rt_final_exit                          0x080020c5   Thumb Code     0  entry11a.o(.ARM.Collect$$$$0000000F)
    Reset_Handler                            0x080020c9   Thumb Code     8  startup_stm32f030x8.o(.text)
    NMI_Handler                              0x080020d1   Thumb Code     2  startup_stm32f030x8.o(.text)
    HardFault_Handler                        0x080020d3   Thumb Code     2  startup_stm32f030x8.o(.text)
    SVC_Handler                              0x080020d5   Thumb Code     2  startup_stm32f030x8.o(.text)
    PendSV_Handler                           0x080020d7   Thumb Code     2  startup_stm32f030x8.o(.text)
    ADC1_IRQHandler                          0x080020db   Thumb Code     0  startup_stm32f030x8.o(.text)
    DMA1_Channel1_IRQHandler                 0x080020db   Thumb Code     0  startup_stm32f030x8.o(.text)
    DMA1_Channel2_3_IRQHandler               0x080020db   Thumb Code     0  startup_stm32f030x8.o(.text)
    DMA1_Channel4_5_IRQHandler               0x080020db   Thumb Code     0  startup_stm32f030x8.o(.text)
    EXTI0_1_IRQHandler                       0x080020db   Thumb Code     0  startup_stm32f030x8.o(.text)
    EXTI2_3_IRQHandler                       0x080020db   Thumb Code     0  startup_stm32f030x8.o(.text)
    EXTI4_15_IRQHandler                      0x080020db   Thumb Code     0  startup_stm32f030x8.o(.text)
    FLASH_IRQHandler                         0x080020db   Thumb Code     0  startup_stm32f030x8.o(.text)
    I2C1_IRQHandler                          0x080020db   Thumb Code     0  startup_stm32f030x8.o(.text)
    I2C2_IRQHandler                          0x080020db   Thumb Code     0  startup_stm32f030x8.o(.text)
    RCC_IRQHandler                           0x080020db   Thumb Code     0  startup_stm32f030x8.o(.text)
    RTC_IRQHandler                           0x080020db   Thumb Code     0  startup_stm32f030x8.o(.text)
    SPI1_IRQHandler                          0x080020db   Thumb Code     0  startup_stm32f030x8.o(.text)
    SPI2_IRQHandler                          0x080020db   Thumb Code     0  startup_stm32f030x8.o(.text)
    TIM14_IRQHandler                         0x080020db   Thumb Code     0  startup_stm32f030x8.o(.text)
    TIM15_IRQHandler                         0x080020db   Thumb Code     0  startup_stm32f030x8.o(.text)
    TIM16_IRQHandler                         0x080020db   Thumb Code     0  startup_stm32f030x8.o(.text)
    TIM17_IRQHandler                         0x080020db   Thumb Code     0  startup_stm32f030x8.o(.text)
    TIM1_BRK_UP_TRG_COM_IRQHandler           0x080020db   Thumb Code     0  startup_stm32f030x8.o(.text)
    TIM1_CC_IRQHandler                       0x080020db   Thumb Code     0  startup_stm32f030x8.o(.text)
    TIM3_IRQHandler                          0x080020db   Thumb Code     0  startup_stm32f030x8.o(.text)
    TIM6_IRQHandler                          0x080020db   Thumb Code     0  startup_stm32f030x8.o(.text)
    USART1_IRQHandler                        0x080020db   Thumb Code     0  startup_stm32f030x8.o(.text)
    WWDG_IRQHandler                          0x080020db   Thumb Code     0  startup_stm32f030x8.o(.text)
    __aeabi_uidiv                            0x080020e5   Thumb Code     0  uidiv.o(.text)
    __aeabi_uidivmod                         0x080020e5   Thumb Code    44  uidiv.o(.text)
    strcmp                                   0x08002111   Thumb Code    28  strcmp.o(.text)
    __scatterload                            0x0800212d   Thumb Code    28  init.o(.text)
    __scatterload_rt2                        0x0800212d   Thumb Code     0  init.o(.text)
    AD7091_Config                            0x08002151   Thumb Code   182  ad7091.o(i.AD7091_Config)
    AD7091_ReadReg                           0x08002219   Thumb Code   118  ad7091.o(i.AD7091_ReadReg)
    AD7091_WriteReg                          0x0800228f   Thumb Code    64  ad7091.o(i.AD7091_WriteReg)
    Encoder_config                           0x080022d1   Thumb Code    98  main.o(i.Encoder_config)
    SPI_SendData                             0x08002341   Thumb Code    42  ad7091.o(i.SPI_SendData)
    SpiDelay                                 0x08002371   Thumb Code    18  ad7091.o(i.SpiDelay)
    Start_VTinit                             0x08002385   Thumb Code    56  main.o(i.Start_VTinit)
    SysClockConfig                           0x080023c9   Thumb Code   178  setup.o(i.SysClockConfig)
    SysTick_Handler                          0x08002485   Thumb Code    38  main.o(i.SysTick_Handler)
    SystemCoreClockUpdate                    0x080024b5   Thumb Code   156  system_stm32f0xx.o(i.SystemCoreClockUpdate)
    SystemInit                               0x08002565   Thumb Code   104  system_stm32f0xx.o(i.SystemInit)
    USART2_IRQHandler                        0x080025d9   Thumb Code    66  usart.o(i.USART2_IRQHandler)
    USART_Config                             0x08002631   Thumb Code   174  usart.o(i.USART_Config)
    USART_Putchar                            0x080026fd   Thumb Code    22  usart.o(i.USART_Putchar)
    USART_Puts                               0x08002719   Thumb Code    84  usart.o(i.USART_Puts)
    Watch_dog_reload                         0x08002771   Thumb Code     8  main.o(i.Watch_dog_reload)
    __0sprintf$6                             0x08002781   Thumb Code    36  printf6.o(i.__0sprintf$6)
    __1sprintf$6                             0x08002781   Thumb Code     0  printf6.o(i.__0sprintf$6)
    __2sprintf                               0x08002781   Thumb Code     0  printf6.o(i.__0sprintf$6)
    __scatterload_copy                       0x08002821   Thumb Code    14  handlers.o(i.__scatterload_copy)
    __scatterload_null                       0x0800282f   Thumb Code     2  handlers.o(i.__scatterload_null)
    __scatterload_zeroinit                   0x08002831   Thumb Code    14  handlers.o(i.__scatterload_zeroinit)
    do_modbus                                0x08002b9d   Thumb Code   236  usart.o(i.do_modbus)
    gpio_init                                0x08002cc5   Thumb Code   214  gpio_init.o(i.gpio_init)
    main                                     0x08002d9d   Thumb Code   426  main.o(i.main)
    AHBPrescTable                            0x08002f88   Data          16  system_stm32f0xx.o(.constdata)
    APBPrescTable                            0x08002f98   Data           8  system_stm32f0xx.o(.constdata)
    Region$$Table$$Base                      0x08002fa0   Number         0  anon$$obj.o(Region$$Table)
    Region$$Table$$Limit                     0x08002fc0   Number         0  anon$$obj.o(Region$$Table)
    tickCount                                0x20000120   Data           4  main.o(.data)
    flags                                    0x20000124   Data           4  main.o(.data)
    encode                                   0x20000128   Data           2  main.o(.data)
    len                                      0x20000134   Data           2  usart.o(.data)
    SystemCoreClock                          0x2000013c   Data           4  system_stm32f0xx.o(.data)
    adRegs                                   0x20000140   Data          64  main.o(.bss)
    str                                      0x20000180   Data         128  main.o(.bss)
    regValues                                0x20000200   Data          48  main.o(.bss)
    buf                                      0x20000290   Data        2048  usart.o(.bss)
    __initial_sp                             0x20000e90   Data           0  startup_stm32f030x8.o(STACK)



==============================================================================

Memory Map of the image

  Image Entry point : 0x080020b5

  Load Region LR_IROM1 (Base: 0x08002000, Size: 0x00000fe0, Max: 0x0000f800, ABSOLUTE)

    Execution Region ER_IROM1 (Exec base: 0x08002000, Load base: 0x08002000, Size: 0x00000fc0, Max: 0x0000f800, ABSOLUTE)

    Exec Addr    Load Addr    Size         Type   Attr      Idx    E Section Name        Object

    0x08002000   0x08002000   0x000000b4   Data   RO          345    RESET               startup_stm32f030x8.o
    0x080020b4   0x080020b4   0x00000000   Code   RO          383  * .ARM.Collect$$$$00000000  mc_p.l(entry.o)
    0x080020b4   0x080020b4   0x00000004   Code   RO          651    .ARM.Collect$$$$00000001  mc_p.l(entry2.o)
    0x080020b8   0x080020b8   0x00000004   Code   RO          654    .ARM.Collect$$$$00000004  mc_p.l(entry5.o)
    0x080020bc   0x080020bc   0x00000000   Code   RO          656    .ARM.Collect$$$$00000008  mc_p.l(entry7b.o)
    0x080020bc   0x080020bc   0x00000000   Code   RO          658    .ARM.Collect$$$$0000000A  mc_p.l(entry8b.o)
    0x080020bc   0x080020bc   0x00000008   Code   RO          659    .ARM.Collect$$$$0000000B  mc_p.l(entry9a.o)
    0x080020c4   0x080020c4   0x00000000   Code   RO          661    .ARM.Collect$$$$0000000D  mc_p.l(entry10a.o)
    0x080020c4   0x080020c4   0x00000000   Code   RO          663    .ARM.Collect$$$$0000000F  mc_p.l(entry11a.o)
    0x080020c4   0x080020c4   0x00000004   Code   RO          652    .ARM.Collect$$$$00002712  mc_p.l(entry2.o)
    0x080020c8   0x080020c8   0x0000001c   Code   RO          346    .text               startup_stm32f030x8.o
    0x080020e4   0x080020e4   0x0000002c   Code   RO          386    .text               mc_p.l(uidiv.o)
    0x08002110   0x08002110   0x0000001c   Code   RO          388    .text               mc_p.l(strcmp.o)
    0x0800212c   0x0800212c   0x00000024   Code   RO          681    .text               mc_p.l(init.o)
    0x08002150   0x08002150   0x000000c8   Code   RO            3    i.AD7091_Config     ad7091.o
    0x08002218   0x08002218   0x00000076   Code   RO            6    i.AD7091_ReadReg    ad7091.o
    0x0800228e   0x0800228e   0x00000040   Code   RO            9    i.AD7091_WriteReg   ad7091.o
    0x080022ce   0x080022ce   0x00000002   PAD
    0x080022d0   0x080022d0   0x00000070   Code   RO          110    i.Encoder_config    main.o
    0x08002340   0x08002340   0x00000030   Code   RO           11    i.SPI_SendData      ad7091.o
    0x08002370   0x08002370   0x00000012   Code   RO           12    i.SpiDelay          ad7091.o
    0x08002382   0x08002382   0x00000002   PAD
    0x08002384   0x08002384   0x00000044   Code   RO          111    i.Start_VTinit      main.o
    0x080023c8   0x080023c8   0x000000bc   Code   RO          199    i.SysClockConfig    setup.o
    0x08002484   0x08002484   0x00000030   Code   RO          112    i.SysTick_Handler   main.o
    0x080024b4   0x080024b4   0x000000b0   Code   RO          352    i.SystemCoreClockUpdate  system_stm32f0xx.o
    0x08002564   0x08002564   0x00000074   Code   RO          353    i.SystemInit        system_stm32f0xx.o
    0x080025d8   0x080025d8   0x00000058   Code   RO          219    i.USART2_IRQHandler  usart.o
    0x08002630   0x08002630   0x000000cc   Code   RO          220    i.USART_Config      usart.o
    0x080026fc   0x080026fc   0x0000001c   Code   RO          222    i.USART_Putchar     usart.o
    0x08002718   0x08002718   0x00000058   Code   RO          223    i.USART_Puts        usart.o
    0x08002770   0x08002770   0x00000010   Code   RO          114    i.Watch_dog_reload  main.o
    0x08002780   0x08002780   0x00000028   Code   RO          547    i.__0sprintf$6      mc_p.l(printf6.o)
    0x080027a8   0x080027a8   0x00000078   Code   RO          115    i.__NVIC_SetPriority  main.o
    0x08002820   0x08002820   0x0000000e   Code   RO          697    i.__scatterload_copy  mc_p.l(handlers.o)
    0x0800282e   0x0800282e   0x00000002   Code   RO          698    i.__scatterload_null  mc_p.l(handlers.o)
    0x08002830   0x08002830   0x0000000e   Code   RO          699    i.__scatterload_zeroinit  mc_p.l(handlers.o)
    0x0800283e   0x0800283e   0x00000002   PAD
    0x08002840   0x08002840   0x00000304   Code   RO          552    i._printf_core      mc_p.l(printf6.o)
    0x08002b44   0x08002b44   0x00000020   Code   RO          553    i._printf_post_padding  mc_p.l(printf6.o)
    0x08002b64   0x08002b64   0x0000002c   Code   RO          554    i._printf_pre_padding  mc_p.l(printf6.o)
    0x08002b90   0x08002b90   0x0000000a   Code   RO          556    i._sputc            mc_p.l(printf6.o)
    0x08002b9a   0x08002b9a   0x00000002   PAD
    0x08002b9c   0x08002b9c   0x00000128   Code   RO          224    i.do_modbus         usart.o
    0x08002cc4   0x08002cc4   0x000000d6   Code   RO          281    i.gpio_init         gpio_init.o
    0x08002d9a   0x08002d9a   0x00000002   PAD
    0x08002d9c   0x08002d9c   0x000001ec   Code   RO          117    i.main              main.o
    0x08002f88   0x08002f88   0x00000018   Data   RO          354    .constdata          system_stm32f0xx.o
    0x08002fa0   0x08002fa0   0x00000020   Data   RO          695    Region$$Table       anon$$obj.o


    Execution Region RW_IRAM1 (Exec base: 0x20000120, Load base: 0x08002fc0, Size: 0x00000d70, Max: 0x00001ee0, ABSOLUTE)

    Exec Addr    Load Addr    Size         Type   Attr      Idx    E Section Name        Object

    0x20000120   0x08002fc0   0x00000014   Data   RW          119    .data               main.o
    0x20000134   0x08002fd4   0x00000006   Data   RW          226    .data               usart.o
    0x2000013a   0x08002fda   0x00000002   PAD
    0x2000013c   0x08002fdc   0x00000004   Data   RW          355    .data               system_stm32f0xx.o
    0x20000140        -       0x00000150   Zero   RW          118    .bss                main.o
    0x20000290        -       0x00000800   Zero   RW          225    .bss                usart.o
    0x20000a90        -       0x00000400   Zero   RW          343    STACK               startup_stm32f030x8.o


==============================================================================

Image component sizes


      Code (inc. data)   RO Data    RW Data    ZI Data      Debug   Object Name

       448         24          0          0          0     180549   ad7091.o
       214          0          0          0          0        936   gpio_init.o
       856        120          0         20        336      11802   main.o
       188         10          0          0          0        473   setup.o
        28          8        180          0       1024        612   startup_stm32f030x8.o
       292         32         24          4          0       1871   system_stm32f0xx.o
       704        122          0          6       2048      11036   usart.o

    ----------------------------------------------------------------------
      2736        316        236         32       3408     207279   Object Totals
         0          0         32          0          0          0   (incl. Generated)
         6          0          0          2          0          0   (incl. Padding)

    ----------------------------------------------------------------------

      Code (inc. data)   RO Data    RW Data    ZI Data      Debug   Library Member Name

         0          0          0          0          0          0   entry.o
         0          0          0          0          0          0   entry10a.o
         0          0          0          0          0          0   entry11a.o
         8          4          0          0          0          0   entry2.o
         4          0          0          0          0          0   entry5.o
         0          0          0          0          0          0   entry7b.o
         0          0          0          0          0          0   entry8b.o
         8          4          0          0          0          0   entry9a.o
        30          0          0          0          0          0   handlers.o
        36          8          0          0          0         68   init.o
       898          8          0          0          0        384   printf6.o
        28          0          0          0          0         68   strcmp.o
        44          0          0          0          0         72   uidiv.o

    ----------------------------------------------------------------------
      1060         24          0          0          0        592   Library Totals
         4          0          0          0          0          0   (incl. Padding)

    ----------------------------------------------------------------------

      Code (inc. data)   RO Data    RW Data    ZI Data      Debug   Library Name

      1056         24          0          0          0        592   mc_p.l

    ----------------------------------------------------------------------
      1060         24          0          0          0        592   Library Totals

    ----------------------------------------------------------------------

==============================================================================


      Code (inc. data)   RO Data    RW Data    ZI Data      Debug   

      3796        340        236         32       3408     207011   Grand Totals
      3796        340        236         32       3408     207011   ELF Image Totals
      3796        340        236         32          0          0   ROM Totals

==============================================================================

    Total RO  Size (Code + RO Data)                 4032 (   3.94kB)
    Total RW  Size (RW Data + ZI Data)              3440 (   3.36kB)
    Total ROM Size (Code + RO Data + RW Data)       4064 (   3.97kB)

==============================================================================

